// Jest Snapshot v1, https://goo.gl/fbAQLP

exports[`Responsive renders default state 1`] = `
<div>
  1200
</div>
`;
