// Jest Snapshot v1, https://goo.gl/fbAQLP

exports[`SecondaryText renders default state 1`] = `
<span
  className="container "
>
  test
</span>
`;
