// Jest Snapshot v1, https://goo.gl/fbAQLP

exports[`PageHeader renders default state 1`] = `
<Fragment>
  <SectionTitle
    className=""
  >
    test
  </SectionTitle>
  <withRouter(Navigation) />
</Fragment>
`;
